
> tinkerbench@0.1.0 build
> astro build

(node:1348087) V8: file:///var/www/tinkerbench/src/lib/rehype-inject-phone-promos.mjs:7 'assert' is deprecated in import statements and support will be removed in a future version; use 'with' instead
(Use `node --trace-warnings ...` to show where the warning was created)
15:45:27 [types] Generated 864ms
15:45:27 [build] output: "static"
15:45:27 [build] directory: /var/www/tinkerbench/dist/
15:45:27 [build] Collecting build info...
15:45:27 [build] ✓ Completed in 903ms.
15:45:27 [build] Building static entrypoints...
[Shiki] The language "arduino" doesn't exist, falling back to "plaintext".
15:45:47 [vite] ✓ built in 19.94s
15:45:47 [build] ✓ Completed in 19.97s.

 building client (vite) 
15:45:47 [vite] transforming...
15:45:47 [vite] ✓ 6 modules transformed.
15:45:47 [vite] rendering chunks...
15:45:47 [vite] computing gzip size...
15:45:47 [vite] dist/_astro/hoisted.k7HZ-5pS.js  0.87 kB │ gzip: 0.42 kB
15:45:47 [vite] dist/_astro/hoisted.ZBInT8Wr.js  1.26 kB │ gzip: 0.66 kB
15:45:47 [vite] dist/_astro/hoisted.CAbLVq55.js  1.47 kB │ gzip: 0.65 kB
15:45:47 [vite] ✓ built in 50ms

 generating static routes 
15:45:48 ▶ src/pages/404.astro
15:45:48   └─ /404.html (+8ms)
15:45:48 ▶ src/pages/about.astro
15:45:48   └─ /about/index.html (+3ms)
15:45:48 ▶ src/pages/articles/[slug].astro
15:45:48   ├─ /articles/1-best-amazon-gear-for-a-cholo-style-bagger-build/index.html (+63ms)
15:45:48   ├─ /articles/1-the-best-joint-supplements-for-senior-dogs-what-the-research-actually-shows/index.html (+8ms)
15:45:48   ├─ /articles/1-the-best-soldering-iron-for-beginners-30-vs-60-vs-200-dollar-tiers/index.html (+10ms)
15:45:48   ├─ /articles/1-vicla-bagger-start-here-amazon-gear-vs-custom-shop-work/index.html (+7ms)
15:45:48   ├─ /articles/10-cholo-bagger-vs-club-style-bagger-style-and-gear-differences/index.html (+9ms)
15:45:48   ├─ /articles/10-fluke-117-vs-amprobe-am-570-when-the-5x-price-is-worth-it/index.html (+7ms)
15:45:48   ├─ /articles/11-bench-multimeter-vs-handheld-who-needs-which/index.html (+9ms)
15:45:48   ├─ /articles/11-best-garage-lighting-for-motorcycle-detailing/index.html (+10ms)
15:45:48   ├─ /articles/11-best-harp-benches-and-adjustable-stools/index.html (+10ms)
15:45:48   ├─ /articles/11-whitewall-cleaning-without-wrecking-the-finish/index.html (+13ms)
15:45:48   ├─ /articles/12-amazon-gift-guide-for-lowrider-motorcycle-builders/index.html (+6ms)
15:45:48   ├─ /articles/12-best-detail-brushes-for-spoke-wheels-and-chrome/index.html (+8ms)
15:45:48   ├─ /articles/12-four-wire-vs-two-wire-resistance-what-your-multimeter-is-not-telling-you/index.html (+8ms)
15:45:48   ├─ /articles/13-current-measurement-without-blowing-the-fuse-via-clamp-meter/index.html (+7ms)
15:45:48   ├─ /articles/14-best-disc-locks-and-security-gear-for-custom-baggers/index.html (+8ms)
15:45:48   ├─ /articles/14-capacitor-testing-why-most-multimeter-cap-modes-lie/index.html (+4ms)
15:45:48   ├─ /articles/15-continuity-beeper-lag-and-why-it-matters-for-esd-sensitive-work/index.html (+4ms)
15:45:48   ├─ /articles/15-frame-only-vs-complete-desks-when-to-build-your-own/index.html (+4ms)
15:45:48   ├─ /articles/16-best-microfiber-cloths-and-cleaning-tools-for-harps/index.html (+4ms)
15:45:48   ├─ /articles/16-the-cheapest-decent-oscilloscope-in-2026-after-testing-5-units/index.html (+5ms)
15:45:48   ├─ /articles/17-rigol-ds1054z-vs-siglent-sds1104x-e-the-budget-scope-war/index.html (+10ms)
15:45:48   ├─ /articles/18-handheld-scopes-vs-bench-scopes-real-world-verdict/index.html (+5ms)
15:45:48   ├─ /articles/19-best-motorcycle-tool-rolls-for-bagger-riders/index.html (+4ms)
15:45:48   ├─ /articles/19-usb-logic-analyzers-10-dollar-saleae-clone-vs-real-saleae/index.html (+5ms)
15:45:48   ├─ /articles/2-pine64-pinecil-v2-vs-hakko-fx-888d-the-25-vs-125-dollar-showdown/index.html (+4ms)
15:45:48   ├─ /articles/2-vicla-bagger-starter-kit-chrome-whitewalls-tools-and-ride-gear/index.html (+4ms)
15:45:48   ├─ /articles/20-best-amazon-gifts-for-vicla-and-cholo-bagger-riders/index.html (+4ms)
15:45:48   ├─ /articles/20-when-you-need-100-mhz-bandwidth-vs-20-mhz-on-a-scope/index.html (+3ms)
15:45:48   ├─ /articles/21-how-to-build-a-cruise-night-kit-for-your-bagger/index.html (+3ms)
15:45:48   ├─ /articles/21-scope-probes-why-the-10-dollar-ones-lie-about-bandwidth/index.html (+9ms)
15:45:48   ├─ /articles/22-best-gifts-for-beginner-harpists/index.html (+4ms)
15:45:48   ├─ /articles/22-how-to-keep-chrome-clean-before-a-bike-show/index.html (+4ms)
15:45:48   ├─ /articles/22-spectrum-analyzer-basics-tinysa-vs-sdr-based-software/index.html (+4ms)
15:45:48   ├─ /articles/23-bambu-a1-vs-prusa-mk4-vs-creality-k1-the-2026-starter-verdict/index.html (+4ms)
15:45:48   ├─ /articles/23-what-to-check-before-buying-fishtail-exhaust-parts-online/index.html (+3ms)
15:45:48   ├─ /articles/23-what-to-know-before-buying-a-harp-online/index.html (+4ms)
15:45:48   ├─ /articles/24-best-budget-3d-printer-under-300-dollars-tested-for-90-days/index.html (+4ms)
15:45:48   ├─ /articles/24-what-to-know-before-buying-handlebars-for-a-bagger/index.html (+3ms)
15:45:48   ├─ /articles/25-amazon-garage-setup-for-a-lowrider-motorcycle-builder/index.html (+3ms)
15:45:48   ├─ /articles/25-resin-vs-fdm-for-the-hobby-bench-not-what-you-think/index.html (+8ms)
15:45:48   ├─ /articles/26-3d-printer-tuning-for-dimensional-accuracy-that-matches-the-spec/index.html (+4ms)
15:45:48   ├─ /articles/27-filament-storage-dry-boxes-vs-vacuum-sealing/index.html (+3ms)
15:45:48   ├─ /articles/28-best-shop-stools-and-mats-for-long-garage-nights/index.html (+4ms)
15:45:48   ├─ /articles/28-when-your-3d-printer-should-be-replaced-vs-repaired/index.html (+4ms)
15:45:48   ├─ /articles/29-best-air-compressors-for-motorcycle-garage-work/index.html (+4ms)
15:45:48   ├─ /articles/29-the-best-arduino-starter-kit-for-a-12-year-old/index.html (+5ms)
15:45:48   ├─ /articles/3-garage-tools-hub-for-heavy-bagger-builds/index.html (+5ms)
15:45:48   ├─ /articles/3-why-your-cheap-soldering-iron-ruins-every-joint-and-how-to-fix-it/index.html (+5ms)
15:45:48   ├─ /articles/30-best-wheel-spoke-brushes-that-will-not-scratch-chrome/index.html (+4ms)
15:45:48   ├─ /articles/30-raspberry-pi-5-vs-pi-4-for-hobbyist-projects/index.html (+8ms)
15:45:48   ├─ /articles/31-esp32-starter-kits-what-to-buy-and-what-to-skip/index.html (+6ms)
15:45:48   ├─ /articles/32-kit-brands-ranked-elegoo-vs-sunfounder-vs-osoyoo/index.html (+4ms)
15:45:48   ├─ /articles/33-breadboard-quality-matters-more-than-you-think/index.html (+4ms)
15:45:48   ├─ /articles/34-555-timer-projects-that-still-teach-well-in-2026/index.html (+5ms)
15:45:48   ├─ /articles/34-best-compact-first-aid-kits-for-weekend-bagger-runs/index.html (+7ms)
15:45:48   ├─ /articles/35-fpga-dev-boards-for-beginners-ice40-vs-ecp5-vs-artix/index.html (+12ms)
15:45:48   ├─ /articles/36-best-drink-holders-and-highway-peg-comfort-accessories/index.html (+4ms)
15:45:48   ├─ /articles/36-ham-radio-for-the-electronics-hobbyist-a-10-hour-starter-path/index.html (+4ms)
15:45:48   ├─ /articles/37-best-benchtop-power-supply-under-150-dollars-across-six-models/index.html (+6ms)
15:45:48   ├─ /articles/38-best-clay-bar-kits-before-a-candy-paint-wipe-down/index.html (+11ms)
15:45:48   ├─ /articles/38-pcb-vises-and-helping-hands-that-do-not-fall-apart/index.html (+4ms)
15:45:48   ├─ /articles/39-best-threadlocker-and-cable-lube-kits-for-vibration-heavy-baggers/index.html (+5ms)
15:45:48   ├─ /articles/39-fume-extractors-diy-vs-store-bought-vs-nothing/index.html (+4ms)
15:45:48   ├─ /articles/3d-printer-enclosures-diy-vs-commercial/index.html (+4ms)
15:45:48   ├─ /articles/4-cholo-bagger-style-upgrades-what-amazon-can-and-cannot-do/index.html (+4ms)
15:45:48   ├─ /articles/4-lead-free-vs-leaded-solder-practical-differences-for-hobbyists/index.html (+3ms)
15:45:48   ├─ /articles/40-amazon-gear-mistakes-vicla-builders-regret-buying-twice/index.html (+3ms)
15:45:48   ├─ /articles/40-best-magnifying-lamps-for-benchwork/index.html (+4ms)
15:45:48   ├─ /articles/41-esd-mats-and-straps-who-needs-them-and-who-is-fine-without/index.html (+9ms)
15:45:48   ├─ /articles/41-free-pdf-workflows-for-people-who-thought-they-needed-a-printer/index.html (+3ms)
15:45:48   ├─ /articles/42-why-the-hobby-electronics-scene-has-never-been-better-and-where-it-went-wrong/index.html (+4ms)
15:45:48   ├─ /articles/43-five-tools-a-beginner-does-not-need-to-buy-yet/index.html (+5ms)
15:45:48   ├─ /articles/5-cruise-night-ride-kit-checklist/index.html (+9ms)
15:45:48   ├─ /articles/5-soldering-station-tip-maintenance-that-actually-extends-tip-life/index.html (+4ms)
15:45:48   ├─ /articles/6-desoldering-pumps-vs-braid-and-when-to-use-each/index.html (+4ms)
15:45:48   ├─ /articles/7-custom-bagger-security-and-storage-guide/index.html (+3ms)
15:45:48   ├─ /articles/7-reflow-soldering-with-a-cheap-toaster-oven-does-it-actually-work/index.html (+3ms)
15:45:48   ├─ /articles/8-bagger-fitment-101-bars-cables-exhaust-and-trim/index.html (+8ms)
15:45:48   ├─ /articles/8-through-hole-vs-surface-mount-soldering-for-beginners/index.html (+4ms)
15:45:48   ├─ /articles/9-best-saddlebag-organizers-for-road-king-and-touring-riders/index.html (+4ms)
15:45:48   ├─ /articles/9-the-best-multimeter-under-50-dollars-reviewed-across-8-models/index.html (+4ms)
15:45:48   ├─ /articles/9-what-is-a-vicla-bagger-lowrider-inspired-cruiser-explained/index.html (+4ms)
15:45:48   ├─ /articles/add-product-comparison-tables/index.html (+3ms)
15:45:48   ├─ /articles/arduino-starter-kit-worth-buying/index.html (+4ms)
15:45:48   ├─ /articles/arduino-starter-kit-worth-it/index.html (+4ms)
15:45:48   ├─ /articles/arduino-starter-kits-worth-buying/index.html (+4ms)
15:45:48   ├─ /articles/arduino-weather-station/index.html (+3ms)
15:45:48   ├─ /articles/b0002jmdcw-duragloss-701-whitewall-tire-cleaner-22-oz-white/index.html (+7ms)
15:45:48   ├─ /articles/b0007rvloa-3d-metal-polish-heavy-duty-car-metal-polish-for-aluminum-chr/index.html (+3ms)
15:45:48   ├─ /articles/b0009h50ww-3m-chrome-and-metal-polish-39527-10-oz-used-on-wheels-trim-a/index.html (+3ms)
15:45:48   ├─ /articles/b000bo4r8q-no7-chrome-metail-polish-8-fl-oz/index.html (+3ms)
15:45:48   ├─ /articles/b001447vb2-flitz-metal-polish-paste-5-29oz-usa-made-polish-for-solid-ch/index.html (+3ms)
15:45:48   ├─ /articles/b001thwfii-turtle-wax-t-284-premium-grade-chrome-metal-polish-11-fl-oz/index.html (+5ms)
15:45:48   ├─ /articles/b002xvnjdw-silpat-nonstick-baking-mat-set/index.html (+4ms)
15:45:48   ├─ /articles/b004xwqyre-prism-polish-metal-polish-7-ounce-achieve-a-brilliant-shine-/index.html (+3ms)
15:45:48   ├─ /articles/b005u80hpk-muc-off-664us-nano-tech-motorcycle-cleaner-1-liter-fast-acti/index.html (+3ms)
15:45:48   ├─ /articles/b007kpx7hq-original-bike-spirits-spray-cleaner-and-polish-14-ounce-1039/index.html (+3ms)
15:45:48   ├─ /articles/b00falvxci-chemical-guys-spi-404-16-light-metal-polish-works-on-chrome-/index.html (+3ms)
15:45:48   ├─ /articles/b00pzqhuf2-mothers-california-gold-all-chrome-12-oz-cleans-polishes-chr/index.html (+7ms)
15:45:48   ├─ /articles/b015ggy61q-blue-job-chrome-polish-perfect-for-your-motorcycle-one-polis/index.html (+3ms)
15:45:48   ├─ /articles/b01n5ib20q-amazon-basics-aa-batteries-48-pack/index.html (+3ms)
15:45:48   ├─ /articles/b075t2nbh1-rolite-chrome-cleaner-4-5-oz-for-chrome-plated-surfaces-moto/index.html (+2ms)
15:45:48   ├─ /articles/b07885qdvh-victory-motorcycle-new-oem-chrome-billet-grips-vegas-kingpin/index.html (+2ms)
15:45:48   ├─ /articles/b0798y68vx-dominator-industries-1-1-4-inch-meathook-bagger-ape-hanger-1/index.html (+3ms)
15:45:48   ├─ /articles/b07c2ywbn7-quality-chemical-whitewall-tire-cleaner-1-gallon-128-oz/index.html (+2ms)
15:45:48   ├─ /articles/b087qsgmzn-cyclemagic-motorcycle-clean-and-shine-motorcycle-cleaner-con/index.html (+3ms)
15:45:48   ├─ /articles/b08bjtrnrf-wsays-chrome-12-rise-ape-bagger-handlebar-compatible-with-ha/index.html (+3ms)
15:45:48   ├─ /articles/b093tj5s2n-xkmt-motorcycle-30-wrap-front-fender-spacer-for-14-h-d-touri/index.html (+3ms)
15:45:48   ├─ /articles/b09bcwy4gb-mofun-chrome-12-rise-handlebar-1-1-4-bagger-handlebar-ape-ha/index.html (+3ms)
15:45:48   ├─ /articles/b0b6w2f8k6-li-libzaki-motorcycle-cover-storage-for-touring-models-harle/index.html (+3ms)
15:45:48   ├─ /articles/b0bkngly5k-lowrider-vicla-custom-bagger-motorcycle-men-s-lowrider-popso/index.html (+7ms)
15:45:48   ├─ /articles/b0bknmn6m8-iphone-7-plus-8-plus-lowrider-vicla-custom-bagger-motorcycle/index.html (+3ms)
15:45:48   ├─ /articles/b0bknpxw6l-lowrider-vicla-custom-bagger-motorcycle-men-s-lowrider-popso/index.html (+3ms)
15:45:48   ├─ /articles/b0bkyhcjn8-lowlife-bagger-motorcycle-chicano-vicla-lowrider-bikes-popso/index.html (+3ms)
15:45:48   ├─ /articles/b0bkyjcqj3-chicano-vicla-bagger-motorcycle-texas-flag-lowrider-bikes-po/index.html (+3ms)
15:45:48   ├─ /articles/b0bxhs4kpr-bagger-style-chicano-motorcycle-los-angeles-lowrider-bike-po/index.html (+4ms)
15:45:48   ├─ /articles/b0bxhtstsn-bagger-style-chicano-motorcycle-los-angeles-lowrider-bike-po/index.html (+3ms)
15:45:48   ├─ /articles/b0c3rj5tb7-oesee-motorcycle-cleaning-kit-6-pack-design-for-chrome-wooli/index.html (+3ms)
15:45:48   ├─ /articles/b0c9mbfjmf-xtryfun-metal-polish-restorer-and-protectant-chrome-cleaner-/index.html (+3ms)
15:45:48   ├─ /articles/b0cxhp2v6c-bylikeho-saddlebag-locks-theft-deterrent-saddlebag-locks-car/index.html (+2ms)
15:45:48   ├─ /articles/b0d5nxpsd9-motomuck-ph-neutral-nano-tech-motorcycle-cleaner-bike-cleane/index.html (+3ms)
15:45:48   ├─ /articles/b0dcjts1vt-ubog-motorcycle-handlebar-bag-car-accessories-motorcycle-too/index.html (+3ms)
15:45:48   ├─ /articles/b0djkkztmg-21-inch-front-fender-vivid-black-motorcycle-wrap-mudguard-fo/index.html (+10ms)
15:45:48   ├─ /articles/b0djkmzx89-21-inch-front-fender-matte-black-motorcycle-wrap-mudguard-fo/index.html (+4ms)
15:45:48   ├─ /articles/b0dnmkxfm6-advanblack-low-rider-saddle-bags-performance-bagger-holeshot/index.html (+3ms)
15:45:48   ├─ /articles/b0dt4g61kv-nicecnc-motorcycle-handlebar-bag-universal-canvas-motorcycle/index.html (+4ms)
15:45:48   ├─ /articles/b0dv5579pt-white-lines-wl-16-street-juice-products-whitewall-tire-clean/index.html (+5ms)
15:45:48   ├─ /articles/b0dvrg6ft4-white-lines-wl-32-street-juice-products-whitewall-tire-clean/index.html (+7ms)
15:45:48   ├─ /articles/b0fb4zl2k9-chorme-metal-polishing-compound-spta-16oz-heavy-metal-polish/index.html (+3ms)
15:45:48   ├─ /articles/b0fszzcc7m-heavy-metal-polish-chrome-cleaner-for-cars-and-motorcycles-5/index.html (+3ms)
15:45:48   ├─ /articles/b0g54jyblc-lowlife-bagger-motorcycle-chicano-vicla-lowrider-bikes-popso/index.html (+3ms)
15:45:48   ├─ /articles/b0gvq8jbbx-for-harley-for-dyna-fat-street-bob-low-rider-2008-2013-motor/index.html (+3ms)
15:45:48   ├─ /articles/b0h11qmv66-chicano-vicla-bagger-motorcycle-texas-flag-lowrider-bikes-co/index.html (+3ms)
15:45:48   ├─ /articles/beginner-soldering-iron-guide/index.html (+4ms)
15:45:48   ├─ /articles/beginner-soldering-kit-guide/index.html (+10ms)
15:45:48   ├─ /articles/bench-fume-extractor-diy/index.html (+7ms)
15:45:48   ├─ /articles/bench-multimeter-vs-handheld-comparison/index.html (+10ms)
15:45:48   ├─ /articles/bench-multimeter-vs-handheld-which-is-better/index.html (+5ms)
15:45:48   ├─ /articles/bench-multimeter-vs-handheld/index.html (+4ms)
15:45:48   ├─ /articles/best-3d-printer-accessories/index.html (+4ms)
15:45:48   ├─ /articles/best-3d-printer-under-300-dollars/index.html (+4ms)
15:45:48   ├─ /articles/best-3d-printer-under-300/index.html (+4ms)
15:45:48   ├─ /articles/best-3d-printers/index.html (+3ms)
15:45:48   ├─ /articles/best-benchtop-power-supply-hobbyist/index.html (+4ms)
15:45:48   ├─ /articles/best-benchtop-tools/index.html (+9ms)
15:45:48   ├─ /articles/best-books-learning-electronics/index.html (+4ms)
15:45:48   ├─ /articles/best-budget-oscilloscope-probes/index.html (+3ms)
15:45:49   ├─ /articles/best-components/index.html (+3ms)
15:45:49   ├─ /articles/best-desoldering-pump/index.html (+3ms)
15:45:49   ├─ /articles/best-desoldering-station-through-hole/index.html (+3ms)
15:45:49   ├─ /articles/best-entry-level-soldering-station-under-100/index.html (+3ms)
15:45:49   ├─ /articles/best-filament-dryer-nylon-abs/index.html (+3ms)
15:45:49   ├─ /articles/best-helping-hands-for-soldering/index.html (+5ms)
15:45:49   ├─ /articles/best-ice-cream-maker-attachment/index.html (+10ms)
15:45:49   ├─ /articles/best-left-handed-utility-knives-for-trades-and-diy/index.html (+7ms)
15:45:49   ├─ /articles/best-logic-analyzers/index.html (+3ms)
15:45:49   ├─ /articles/best-mini-hot-plate-smt-rework/index.html (+4ms)
15:45:49   ├─ /articles/best-multimeter-automotive-diagnostics/index.html (+3ms)
15:45:49   ├─ /articles/best-multimeters/index.html (+3ms)
15:45:49   ├─ /articles/best-oscilloscope-for-i2c-spi-decoding/index.html (+9ms)
15:45:49   ├─ /articles/best-oscilloscopes/index.html (+3ms)
15:45:49   ├─ /articles/best-pcb-design-software-hobbyists/index.html (+4ms)
15:45:49   ├─ /articles/best-power-supplies/index.html (+3ms)
15:45:49   ├─ /articles/best-reusable-water-bottles-save-money/index.html (+8ms)
15:45:49   ├─ /articles/best-solder-electronics-repair/index.html (+4ms)
15:45:49   ├─ /articles/best-soldering-iron-beginners/index.html (+5ms)
15:45:49   ├─ /articles/best-soldering-iron-for-beginners/index.html (+4ms)
15:45:49   ├─ /articles/best-soldering-irons-for-beginners/index.html (+5ms)
15:45:49   ├─ /articles/best-soldering-irons/index.html (+3ms)
15:45:49   ├─ /articles/best-starter-kits/index.html (+5ms)
15:45:49   ├─ /articles/best-usb-microscope-electronics-inspection/index.html (+8ms)
15:45:49   ├─ /articles/budget-oscilloscope-buyers-guide/index.html (+6ms)
15:45:49   ├─ /articles/budget-oscilloscope-review/index.html (+5ms)
15:45:49   ├─ /articles/budget-oscilloscope-showdown/index.html (+13ms)
15:45:49   ├─ /articles/building-fm-radio-discrete-components/index.html (+5ms)
15:45:49   ├─ /articles/building-home-automation-raspberry-pi/index.html (+4ms)
15:45:49   ├─ /articles/bullet-vibrator-rechargeable-vs-disposable-cost/index.html (+4ms)
15:45:49   ├─ /articles/buying-guide-for-3d-printer-accessories/index.html (+3ms)
15:45:49   ├─ /articles/buying-guide-for-3d-printers/index.html (+3ms)
15:45:49   ├─ /articles/buying-guide-for-benchtop-tools/index.html (+3ms)
15:45:49   ├─ /articles/buying-guide-for-components/index.html (+3ms)
15:45:49   ├─ /articles/buying-guide-for-logic-analyzers/index.html (+4ms)
15:45:49   ├─ /articles/buying-guide-for-multimeters/index.html (+3ms)
15:45:49   ├─ /articles/buying-guide-for-oscilloscopes/index.html (+8ms)
15:45:49   ├─ /articles/buying-guide-for-power-supplies/index.html (+4ms)
15:45:49   ├─ /articles/buying-guide-for-soldering-irons/index.html (+3ms)
15:45:49   ├─ /articles/buying-guide-for-starter-kits/index.html (+3ms)
15:45:49   ├─ /articles/calibrate-multimeter-without-equipment/index.html (+3ms)
15:45:49   ├─ /articles/cancel-unwanted-subscriptions-guide/index.html (+3ms)
15:45:49   ├─ /articles/cheapest-decent-oscilloscope/index.html (+4ms)
15:45:49   ├─ /articles/choosing-mechanical-keyboards-for-durability-and-responsiveness/index.html (+4ms)
15:45:49   ├─ /articles/choosing-right-soldering-tip/index.html (+4ms)
15:45:49   ├─ /articles/choosing-wire-gauge-electronics/index.html (+4ms)
15:45:49   ├─ /articles/choosing-your-first-oscilloscope/index.html (+9ms)
15:45:49   ├─ /articles/circular-saws-and-jigsaws-built-for-southpaw-users/index.html (+6ms)
15:45:49   ├─ /articles/concentrates-for-cleaning-cost-efficiency-and-environmental-benefits/index.html (+4ms)
15:45:49   ├─ /articles/couples-wellness-kit-what-to-check-before-buying/index.html (+4ms)
15:45:49   ├─ /articles/detergent-dollar-drain/index.html (+4ms)
15:45:49   ├─ /articles/dev1-articlegen-wiring-smoke-20260529/index.html (+4ms)
15:45:49   ├─ /articles/diy-cleaning-supplies-recipes/index.html (+4ms)
15:45:49   ├─ /articles/diy-pcb-etching-guide/index.html (+5ms)
15:45:49   ├─ /articles/diy-soldering-fume-extractor/index.html (+4ms)
15:45:49   ├─ /articles/esp32-vs-raspberry-pi-iot/index.html (+4ms)
15:45:49   ├─ /articles/fixing-common-3d-printing-problems/index.html (+9ms)
15:45:49   ├─ /articles/fpga-dev-board-for-beginners/index.html (+3ms)
15:45:49   ├─ /articles/gen-defeat-dampness-on-a-budget-the-best-mini-dehumidifiers-for-small-sp/index.html (+3ms)
15:45:49   ├─ /articles/gen-don-t-get-soaped-avoiding-common-dish-detergent-mistakes/index.html (+3ms)
15:45:49   ├─ /articles/gen-the-best-diy-tools-workbench-gear-in-2026-a-practical-buyer-s-guide/index.html (+3ms)
15:45:49   ├─ /articles/gen-the-premium-dish-soaps-that-are-truly-worth-the-investment/index.html (+3ms)
15:45:49   ├─ /articles/genv2-building-your-essential-budget-tinkerbench/index.html (+6ms)
15:45:49   ├─ /articles/genv2-tinkerbench-buying-guide-2026-craft-your-perfect-workspace/index.html (+3ms)
15:45:49   ├─ /articles/genv2-tinkerbench-triumphs-avoiding-common-workshop-woes/index.html (+8ms)
15:45:49   ├─ /articles/genv2-your-ultimate-mobile-tinkerbench-premium-picks-that-deliver/index.html (+3ms)
15:45:49   ├─ /articles/guide-2-in-1-handheld-oscilloscope-multimeter-1mhz-bandwidth-2-5ms-s-sampling-rate-digital-oscilloscope-auto-ranging-mult-asin-b0f9fmkvff/index.html (+3ms)
15:45:49   ├─ /articles/guide-adjustable-pcb-holder-soldering-clamp-for-circuit-board-helping-hand-soldering-tool-holder-motherboard-pcb-frame-stand-c-asin-b0ddkhp2/index.html (+7ms)
15:45:49   ├─ /articles/guide-aneng-digital-multimeter-with-case-dc-ac-voltmeter-ohm-volt-amp-meter-measures-voltage-current-resistance-continuity-dio-asin-b0byd32j/index.html (+3ms)
15:45:49   ├─ /articles/guide-arduino-uno-rev3-a000066-atmega328p-microcontroller-16mhz-14-digital-i-o-pins-6-analog-inputs-32kb-flash-usb-co-asin-b008grtsv6/index.html (+4ms)
15:45:49   ├─ /articles/guide-buhobha-solder-fume-extractor-with-led-light-2-helping-hands-solder-fan-with-adjustable-angle-bracket-smoke-absorber-asin-b0flgzt4pb/index.html (+3ms)
15:45:49   ├─ /articles/guide-dc-power-supply-0-60v-0-5a-bench-power-supply-with-encoder-knob-adjustable-regulated-power-supply-with-5v-3-6a-usb-t-asin-b0cn98bs4p/index.html (+3ms)
15:45:49   ├─ /articles/guide-hakko-fx8804-01-hot-tweezer-for-fx-888d-fx-889-fr-701-fr-702-asin-b00762ago0/index.html (+3ms)
15:45:49   ├─ /articles/guide-hakko-fx888dx-010by-digital-soldering-station-with-rotary-encoder-blue-yellow-housing-asin-b0d4djw54s/index.html (+3ms)
15:45:49   ├─ /articles/guide-hanglife-t18-soldering-iron-tips-with-tip-holder-for-hakko-fx-888d-fx-888-fx8801-fx-600-and-more-soldering-stations-gun-asin-b0dhv7zwh/index.html (+3ms)
15:45:49   ├─ /articles/guide-hot-air-rework-station-atten-st-862d-1000w-digital-display-automatic-sleep-hot-air-gun-soldering-station-adjustable-te-asin-b0cpfplgml/index.html (+3ms)
15:45:49   ├─ /articles/guide-kaiweets-digital-multimeter-with-case-dc-ac-voltmeter-ohm-volt-amp-test-meter-and-continuity-test-diode-voltage-tester-asin-b08cx9w7g3/index.html (+3ms)
15:45:49   ├─ /articles/guide-kingsom-solder-fume-extractor-with-2-in-1-filter-180m-h-smoke-absorber-remover-3-speeds-adjustment-compact-desktop-s-asin-b0dfwpbz4x/index.html (+3ms)
15:45:49   ├─ /articles/guide-kotto-solder-fume-extractor-with-2-magnetic-helping-hands-and-5-carbon-filters-breathe-fresh-air-for-various-welding-sc-asin-b0d2qhhcc/index.html (+7ms)
15:45:49   ├─ /articles/guide-kotto-solder-smoke-absorber-remover-fume-extractor-smoke-prevention-absorber-diy-working-fan-for-soldering-station-yell-asin-b07vwdn29/index.html (+4ms)
15:45:49   ├─ /articles/guide-m12-soldering-iron-bare-tool-asin-b077zxh8zj/index.html (+3ms)
15:45:49   ├─ /articles/guide-pinecil-smart-mini-portable-soldering-iron-small-asin-b096x6sg13/index.html (+3ms)
15:45:49   ├─ /articles/guide-premium-hot-air-rework-station-digital-soldering-station-with-airflow-adjustable-100-480-heat-resistant-hot-air-gun-s-asin-b0bq6vxppb/index.html (+3ms)
15:45:49   ├─ /articles/guide-raspberry-pi-5-projects-for-beginners-the-complete-hands-on-guide-to-building-ai-iot-smart-home-robotics-homelab-se-asin-b0gw88b92k/index.html (+3ms)
15:45:49   ├─ /articles/guide-solder-smoke-absorber-desk-lamps-fume-extractor-fan-7pcs-filter-include-3-color-modes-and-10-brightness-levels-workbenc-asin-b0ckv698r/index.html (+3ms)
15:45:49   ├─ /articles/guide-soldering-iron-kit-120w-led-digital-solder-iron-soldering-gun-kit-smart-temperature-control-356-932-extra-5pcs-ti-asin-b0gtxt1s3b/index.html (+3ms)
15:45:49   ├─ /articles/guide-soldering-iron-kit-60w-led-display-digital-solder-pen-5pcs-replaceable-tips-21-in-1-fast-heating-with-solder-wire-st-asin-b0d92pvdqh/index.html (+3ms)
15:45:49   ├─ /articles/guide-soldering-iron-kit-60w-soldering-iron-with-5pc-interchangeable-tips-10-in-1-adjustable-temperature-solder-welding-tool-asin-b087767knw/index.html (+3ms)
15:45:49   ├─ /articles/guide-soldering-iron-kit-80w-110v-fast-heat-up-in-10s-lcd-digital-adjustable-temperature-soldering-gun-thermostatic-soldering-asin-b08pzbpxl/index.html (+3ms)
15:45:49   ├─ /articles/guide-soldering-iron-kit-80w-110v-lcd-digital-solder-iron-pen-with-ceramic-heater-portable-welding-tools-with-5pcs-tips-sta-asin-b08r3515sf/index.html (+7ms)
15:45:49   ├─ /articles/guide-soldering-kit-60w-soldering-iron-110v-welding-kit-with-ceramic-heater-portable-solder-irons-with-5pcs-extra-tips-sta-asin-b098jd8hd3/index.html (+3ms)
15:45:49   ├─ /articles/guide-soldering-station-100w-digital-display-soldering-iron-station-kit-with-2-helping-hands-356-f-896-f-auto-sleep-c-asin-b0djr784yw/index.html (+3ms)
15:45:49   ├─ /articles/guide-tlbzk-hot-air-soldering-station-smd-welder-rework-digital-display-heat-gun-asin-b0d7s6x4ln/index.html (+4ms)
15:45:49   ├─ /articles/guide-vevor-solder-fume-extractor-150w-soldering-smoke-extractor-with-3-stage-filters-332-m-h-strong-suction-smoke-absorber-asin-b0ckr5v212/index.html (+3ms)
15:45:49   ├─ /articles/guide-wep-2009d-ii-hot-air-soldering-station-hot-air-rework-station-with-detachable-soldering-heat-gun-4-preset-channels-di-asin-b0d93gz572/index.html (+3ms)
15:45:49   ├─ /articles/guide-wuweot-helping-hands-soldering-clamp-station-6x-led-magnifying-lamp-moveable-4-magnetic-pcb-holder-flexible-metal-arm-asin-b0d1y59crc/index.html (+3ms)
15:45:49   ├─ /articles/guide-yihua-939d-digital-soldering-station-75w-equivalent-with-precision-heat-control-392-f-to-896-f-and-built-in-transfor-asin-b07rvmznyr/index.html (+6ms)
15:45:49   ├─ /articles/guide-yihua-959d-i-digital-hot-air-rework-station-for-smd-reflow-soldering-with-3-hot-air-nozzles-asin-b0f3xk88cr/index.html (+3ms)
15:45:49   ├─ /articles/guide-yungui-9-x-15cm-diy-prototyping-stripboard-solder-prototype-pcb-circuit-board-for-electronic-project-experiment-asin-b07zp29cfg/index.html (+3ms)
15:45:49   ├─ /articles/hakko-fx-888d-vs-pine64-pinecil/index.html (+7ms)
15:45:49   ├─ /articles/hakko-fx-888d-vs-pinecil-comparison/index.html (+4ms)
15:45:49   ├─ /articles/hakko-fx-888d-vs-pinecil/index.html (+4ms)
15:45:49   ├─ /articles/heat-gun-for-reflow-soldering/index.html (+3ms)
15:45:49   ├─ /articles/hobbyist-benchtop-power-supply-guide/index.html (+4ms)
15:45:49   ├─ /articles/hobbyist-benchtop-power-supply/index.html (+4ms)
15:45:49   ├─ /articles/how-to-choose-3d-printer-accessories/index.html (+3ms)
15:45:49   ├─ /articles/how-to-choose-3d-printers/index.html (+3ms)
15:45:49   ├─ /articles/how-to-choose-benchtop-tools/index.html (+3ms)
15:45:49   ├─ /articles/how-to-choose-components/index.html (+8ms)
15:45:49   ├─ /articles/how-to-choose-logic-analyzers/index.html (+3ms)
15:45:49   ├─ /articles/how-to-choose-multimeters/index.html (+3ms)
15:45:49   ├─ /articles/how-to-choose-oscilloscopes/index.html (+3ms)
15:45:49   ├─ /articles/how-to-choose-power-supplies/index.html (+3ms)
15:45:49   ├─ /articles/how-to-choose-soldering-irons/index.html (+3ms)
15:45:49   ├─ /articles/how-to-choose-starter-kits/index.html (+3ms)
15:45:49   ├─ /articles/how-to-choose-the-right-desk-height-for-your-workspace/index.html (+3ms)
15:45:49   ├─ /articles/how-to-read-electronic-schematics/index.html (+3ms)
15:45:49   ├─ /articles/how-to-refill-glass-jars-safely-for-household-products/index.html (+3ms)
15:45:49   ├─ /articles/how-to-refill-household-cleaners-without-sacrificing-effectiveness/index.html (+15ms)
15:45:49   ├─ /articles/how-to-solder-through-hole-components/index.html (+6ms)
15:45:49   ├─ /articles/how-to-solder-through-hole/index.html (+6ms)
15:45:49   ├─ /articles/importance-esd-protection-guide/index.html (+5ms)
15:45:49   ├─ /articles/left-handed-bandage-scissors-for-first-aid-kits/index.html (+5ms)
15:45:49   ├─ /articles/left-handed-corkscrews-and-bar-tools/index.html (+8ms)
15:45:49   ├─ /articles/left-handed-framing-squares-and-layout-tools/index.html (+5ms)
15:45:49   ├─ /articles/left-handed-paint-edgers-and-trim-tools/index.html (+4ms)
15:45:49   ├─ /articles/left-handed-pocket-multitools-worth-buying/index.html (+5ms)
15:45:49   ├─ /articles/left-handed-reciprocating-saw-grip-options/index.html (+4ms)
15:45:49   ├─ /articles/left-handed-sewing-scissors-and-rotary-cutters/index.html (+10ms)
15:45:49   ├─ /articles/left-handed-tape-measures-with-readable-scales/index.html (+5ms)
15:45:49   ├─ /articles/left-handed-torque-wrenches-with-readable-scales/index.html (+3ms)
15:45:49   ├─ /articles/left-handed-wire-strippers-and-electrician-pliers/index.html (+5ms)
15:45:49   ├─ /articles/logic-analyzer-software-open-source-vs-paid/index.html (+16ms)
15:45:49   ├─ /articles/multimeter-test-diodes-transistors/index.html (+8ms)
15:45:49   ├─ /articles/pcb-prototyping-tools/index.html (+4ms)
15:45:49   ├─ /articles/pet-food-inflation-finding-affordable-alternatives/index.html (+3ms)
15:45:49   ├─ /articles/pet-food-inflation-watch/index.html (+4ms)
15:45:49   ├─ /articles/pet-food-price-watch/index.html (+3ms)
15:45:49   ├─ /articles/pinecil-vs-hakko-fx888d-review/index.html (+10ms)
15:45:49   ├─ /articles/pinecil-vs-hakko-fx888d/index.html (+4ms)
15:45:49   ├─ /articles/power-drill-trigger-placement-for-left-handed-grip/index.html (+3ms)
15:45:49   ├─ /articles/power-supply-ripple-noise/index.html (+3ms)
15:45:49   ├─ /articles/raspberry-pi-5-beginner-projects/index.html (+4ms)
15:45:49   ├─ /articles/raspberry-pi-5-projects-beginners/index.html (+5ms)
15:45:49   ├─ /articles/raspberry-pi-5-projects-for-beginners/index.html (+3ms)
15:45:49   ├─ /articles/recovering-data-from-corrupted-sd-card/index.html (+3ms)
15:45:49   ├─ /articles/reflow-soldering-hot-air-rework/index.html (+3ms)
15:45:49   ├─ /articles/safe-disassembly-old-electronics/index.html (+10ms)
15:45:49   ├─ /articles/smd-rework-for-beginners/index.html (+4ms)
15:45:49   ├─ /articles/streaming-service-price-creep-tracker/index.html (+3ms)
15:45:49   ├─ /articles/streaming-service-price-creep/index.html (+5ms)
15:45:49   ├─ /articles/streaming-subscription-hikes-avoid/index.html (+3ms)
15:45:49   ├─ /articles/table-saws-and-push-sticks-for-left-handed-operators/index.html (+3ms)
15:45:49   ├─ /articles/target-affordable-modifiers/index.html (+3ms)
15:45:49   ├─ /articles/through-hole-soldering-guide/index.html (+4ms)
15:45:49   ├─ /articles/through-hole-soldering-tutorial/index.html (+4ms)
15:45:49   ├─ /articles/top-3d-printer-accessories/index.html (+3ms)
15:45:49   ├─ /articles/top-3d-printers-under-300/index.html (+9ms)
15:45:49   ├─ /articles/top-3d-printers/index.html (+3ms)
15:45:49   ├─ /articles/top-benchtop-tools/index.html (+3ms)
15:45:49   ├─ /articles/top-components/index.html (+3ms)
15:45:49   ├─ /articles/top-logic-analyzers/index.html (+3ms)
15:45:49   ├─ /articles/top-multimeters/index.html (+2ms)
15:45:49   ├─ /articles/top-oscilloscopes/index.html (+3ms)
15:45:49   ├─ /articles/top-power-supplies/index.html (+3ms)
15:45:49   ├─ /articles/top-quiet-keyboards-to-improve-office-concentration/index.html (+7ms)
15:45:49   ├─ /articles/top-soldering-irons/index.html (+3ms)
15:45:49   ├─ /articles/top-starter-kits/index.html (+9ms)
15:45:49   ├─ /articles/understanding-oscilloscope-triggering/index.html (+4ms)
15:45:49   ├─ /articles/understanding-using-logic-gates/index.html (+3ms)
15:45:49   ├─ /articles/usb-logic-analyzer-24mhz-review/index.html (+4ms)
15:45:49   ├─ /articles/usb-logic-analyzer-24mhz/index.html (+4ms)
15:45:49   ├─ /articles/usb-logic-analyzer-guide/index.html (+4ms)
15:45:49   ├─ /articles/usb-logic-analyzer-reviews/index.html (+4ms)
15:45:49   ├─ /articles/using-clamp-meter-safe-current-measurement/index.html (+4ms)
15:45:49   ├─ /articles/using-signal-generator-circuit-testing/index.html (+4ms)
15:45:49   ├─ /articles/weight-plates-buying-mistakes-to-avoid/index.html (+5ms)
15:45:49   └─ /articles/workshop-organization-tips-for-left-handed-makers/index.html (+12ms)
15:45:49 ▶ src/pages/articles/index.astro
15:45:49   └─ /articles/index.html (+44ms)
15:45:49 ▶ src/pages/authors/[slug].astro
15:45:49   ├─ /authors/alex-mercer-pleasurewatch/index.html (+12ms)
15:45:49   ├─ /authors/claire-nakamura/index.html (+3ms)
15:45:49   ├─ /authors/dana-wolff/index.html (+3ms)
15:45:49   ├─ /authors/editorial/index.html (+4ms)
15:45:49   ├─ /authors/elena-marsh/index.html (+4ms)
15:45:49   ├─ /authors/eli-rowe/index.html (+2ms)
15:45:49   ├─ /authors/eli-tinkerbench/index.html (+3ms)
15:45:49   ├─ /authors/marcus-chen/index.html (+2ms)
15:45:49   ├─ /authors/marcus-webb/index.html (+2ms)
15:45:49   ├─ /authors/miguel-vega-viclabaggerguide/index.html (+2ms)
15:45:49   ├─ /authors/mike-southpaw-leftyloosey/index.html (+2ms)
15:45:49   ├─ /authors/nate-brennan/index.html (+2ms)
15:45:49   └─ /authors/rosa-linden/index.html (+2ms)
15:45:49 ▶ src/pages/contact.astro
15:45:49   └─ /contact/index.html (+1ms)
15:45:49 ▶ src/pages/disclosure.astro
15:45:49   └─ /disclosure/index.html (+1ms)
15:45:49 ▶ src/pages/editorial-standards.astro
15:45:49   └─ /editorial-standards/index.html (+1ms)
15:45:49 ▶ src/pages/how-we-test.astro
15:45:49   └─ /how-we-test/index.html (+5ms)
15:45:49 ▶ src/pages/methodology.astro
15:45:49   └─ /methodology/index.html (+1ms)
15:45:49 ▶ src/pages/pillars/[slug].astro
15:45:49   ├─ /pillars/bench-power-supply-guide/index.html (+4ms)
15:45:49   ├─ /pillars/bottled-water-vs-filter-pitcher-economics/index.html (+3ms)
15:45:49   ├─ /pillars/consumable-price-traps-printer-ink-razors-keurig/index.html (+7ms)
15:45:49   ├─ /pillars/grocery-staples-unit-price-watch-guide/index.html (+9ms)
15:45:49   ├─ /pillars/household-refill-buying-guide/index.html (+3ms)
15:45:49   ├─ /pillars/laundry-detergent-cost-per-load-guide/index.html (+3ms)
15:45:49   ├─ /pillars/pet-food-bulk-pricing-playbook/index.html (+3ms)
15:45:49   ├─ /pillars/razor-blade-subscription-escape-guide/index.html (+9ms)
15:45:49   ├─ /pillars/shrinkflation-spotter-checklist/index.html (+5ms)
15:45:49   ├─ /pillars/subscription-price-creep-how-to-fight-back/index.html (+4ms)
15:45:49   └─ /pillars/tinkerbench-editorial-guide/index.html (+4ms)
15:45:49 ▶ src/pages/pillars/index.astro
15:45:49   └─ /pillars/index.html (+2ms)
15:45:49 ▶ src/pages/privacy.astro
15:45:49   └─ /privacy/index.html (+1ms)
15:45:49 ▶ src/pages/products/[slug].astro
15:45:49   ├─ /products/b000wkwmws-dawn-ultra-dish-soap-75oz-2-pack/index.html (+23ms)
15:45:49   ├─ /products/b00c2o7c7o-scott-1000-toilet-paper-36-rolls/index.html (+17ms)
15:45:50   ├─ /products/b00hhqx0bq-folgers-classic-roast-coffee-48oz/index.html (+14ms)
15:45:50   ├─ /products/b01bpp3jno-hakko-fx888d-soldering-station/index.html (+3ms)
15:45:50   ├─ /products/b01n5ib20q-amazon-basics-aa-batteries-48-pack/index.html (+15ms)
15:45:50   ├─ /products/b07qr6z1jb-tide-pods-laundry-detergent-112-count/index.html (+19ms)
15:45:50   ├─ /products/b07wmvg9kk-fnirsi-digital-oscilloscope/index.html (+4ms)
15:45:50   ├─ /products/b07yd5xfkp-elegoo-uno-r3-starter-kit/index.html (+6ms)
15:45:50   └─ /products/b097cz9x42-pinecil-smart-soldering-iron/index.html (+4ms)
15:45:50 ▶ src/pages/products/index.astro
15:45:50   └─ /products/index.html (+24ms)
15:45:50 λ src/pages/rss.xml.js
15:45:50   └─ /rss.xml (+46ms)
15:45:50 λ src/pages/sitemap.xml.ts
15:45:50   └─ /sitemap.xml (+3ms)
15:45:50 ▶ src/pages/terms.astro
15:45:50   └─ /terms/index.html (+2ms)
15:45:50 ▶ src/pages/index.astro
15:45:50   └─ /index.html (+9ms)
15:45:50 ✓ Completed in 2.21s.

15:45:50 [build] 371 page(s) built in 23.63s
15:45:50 [build] Complete!
[main a3b6dd8] asin-fix: verify+refresh products, expand relatedProducts density (tinkerbench)
 85 files changed, 85 insertions(+), 85 deletions(-)
To https://github.com/thisisthecoolesthting/tinkerbench.git
   5a2cc5b..a3b6dd8  main -> main
ASINFIX_DONE
